// Jest Snapshot v1, https://goo.gl/fbAQLP

exports[`Pruebas en el Home View debe renderizar el componente correctamete 1`] = `
<div class="home"><img alt="Vue logo" src="">
  <h1>Hola Mundo</h1><button class="btn btn-primary">primary</button><button class="btn btn-secondary">secondary</button><button class="btn btn-success">success</button>
</div>
`;
